CRITICAL - 2026-03-05 18:02:14 --> CodeIgniter\HTTP\Exceptions\HTTPException: Failed to parse JSON string. Error: Syntax error
[Method: POST, Route: activosPosgrado/obtenerFila]
in SYSTEMPATH\HTTP\IncomingRequest.php on line 534.
 1 SYSTEMPATH\HTTP\IncomingRequest.php(534): CodeIgniter\HTTP\Exceptions\HTTPException::forInvalidJSON('Syntax error')
 2 APPPATH\Controllers\ActivosPosgrado.php(43): CodeIgniter\HTTP\IncomingRequest->getJSON(true)
 3 SYSTEMPATH\CodeIgniter.php(933): App\Controllers\ActivosPosgrado->obtenerFila()
 4 SYSTEMPATH\CodeIgniter.php(507): CodeIgniter\CodeIgniter->runController(Object(App\Controllers\ActivosPosgrado))
 5 SYSTEMPATH\CodeIgniter.php(354): CodeIgniter\CodeIgniter->handleRequest(null, Object(Config\Cache), false)
 6 SYSTEMPATH\Boot.php(363): CodeIgniter\CodeIgniter->run()
 7 SYSTEMPATH\Boot.php(68): CodeIgniter\Boot::runCodeIgniter(Object(CodeIgniter\CodeIgniter))
 8 FCPATH\index.php(59): CodeIgniter\Boot::bootWeb(Object(Config\Paths))
ERROR - 2026-03-05 18:02:29 --> mysqli_sql_exception: Unknown column 'u.desc_tc' in 'field list' in C:\xampp\htdocs\api_siices\system\Database\MySQLi\Connection.php:327
Stack trace:
#0 C:\xampp\htdocs\api_siices\system\Database\MySQLi\Connection.php(327): mysqli->query('SELECT `a`.`pro...', 0)
#1 C:\xampp\htdocs\api_siices\system\Database\BaseConnection.php(729): CodeIgniter\Database\MySQLi\Connection->execute('SELECT `a`.`pro...')
#2 C:\xampp\htdocs\api_siices\system\Database\BaseConnection.php(646): CodeIgniter\Database\BaseConnection->simpleQuery('SELECT `a`.`pro...')
#3 C:\xampp\htdocs\api_siices\system\Database\BaseBuilder.php(1649): CodeIgniter\Database\BaseConnection->query('SELECT `a`.`pro...', Array, false)
#4 C:\xampp\htdocs\api_siices\app\Models\activosPosgradoModel.php(112): CodeIgniter\Database\BaseBuilder->get()
#5 C:\xampp\htdocs\api_siices\app\Controllers\ActivosPosgrado.php(60): App\Models\activosPosgradoModel->obtenerPorCampos('2025', NULL, NULL, NULL, NULL)
#6 C:\xampp\htdocs\api_siices\system\CodeIgniter.php(933): App\Controllers\ActivosPosgrado->obtenerFila()
#7 C:\xampp\htdocs\api_siices\system\CodeIgniter.php(507): CodeIgniter\CodeIgniter->runController(Object(App\Controllers\ActivosPosgrado))
#8 C:\xampp\htdocs\api_siices\system\CodeIgniter.php(354): CodeIgniter\CodeIgniter->handleRequest(NULL, Object(Config\Cache), false)
#9 C:\xampp\htdocs\api_siices\system\Boot.php(363): CodeIgniter\CodeIgniter->run()
#10 C:\xampp\htdocs\api_siices\system\Boot.php(68): CodeIgniter\Boot::runCodeIgniter(Object(CodeIgniter\CodeIgniter))
#11 C:\xampp\htdocs\api_siices\public\index.php(59): CodeIgniter\Boot::bootWeb(Object(Config\Paths))
#12 {main}
CRITICAL - 2026-03-05 18:02:29 --> CodeIgniter\Database\Exceptions\DatabaseException: Unknown column 'u.desc_tc' in 'field list'
[Method: POST, Route: activosPosgrado/obtenerFila]
in SYSTEMPATH\Database\BaseConnection.php on line 684.
 1 SYSTEMPATH\Database\BaseBuilder.php(1649): CodeIgniter\Database\BaseConnection->query('SELECT `a`.`pro_ano`, `f`.`mta_ctg_nom` AS `categoria`, TRIM(CONCAT(i.edo_nom, \' \', h.del_nom)) AS DELEGACION, CASE WHEN d.esp_tip_cve=1 THEN \'DIRECTA\' ELSE \'RAMA\' END AS TIPO_ESPECIALIDAD, `f`.`esp_nom` AS `ESPECIALIDAD`, `g`.`clues` AS `CLUES`, `g`.`sde_nom` AS `SEDE_ACADEMICA`, `g`.`hsp_niv_cve` AS `NIVEL_DE_ATENCION`, CASE WHEN g.hsp_niv_cve=3 THEN \'UMAE\' ELSE \'DELEGACION\' END AS DELEGACION_UMAE, `f`.`grd_num` AS `GRADO`, `f`.`curp` AS `CURP`, `m`.`gnr_nom` AS `GENERO`, `f`.`reg_cve` AS `FOLIO_IMSS`, `f`.`per_ap1` AS `AP_PATERNO`, `f`.`per_ap2` AS `AP_MATERNO`, `f`.`per_nom` AS `NOMBRE`, `c`.`mta_tip_ali` AS `TIPO`, `t`.`pai_ncn_nom` AS `NACIONALIDAD`, CASE WHEN eml_url IS NULL THEN CONCAT(j.eml_ali, \'@\', k.eml_dmn_nom) ELSE eml_url END AS CORREO, `l`.`tel_ext_num` AS `CELULAR`, `q`.`sde_nom` AS `SEDE`, `r`.`sde_nom` AS `SUBSEDE`, `w`.`aval_nom` AS `AVAL_ACADEMICO`, `z`.`ims_mat` AS `MATRICULA`, `u`.`desc_tc` AS `CONTRATACION`, `a`.`vlt_num` AS `VUELTA`, `v`.`edo_nom` AS `EDO_NACIMIENTO`, CASE WHEN n.cup_ocu_aud=99 THEN \'se queda en subsede ciclo 2021\' ELSE \'\' END AS NOTA
FROM `srm_per_reg_arc` `a`
JOIN `srm_mta_tip_cat` `c` ON `a`.`mta_tip_cve` = `c`.`mta_tip_cve`
JOIN `srm_esp_cat` `d` ON `a`.`esp_cve`=`d`.`esp_cve`
JOIN `srm_reg_ads_vis` `f` ON `a`.`reg_cve`=`f`.`reg_cve`
JOIN `gra_sde_cat` `g` ON `f`.`sde_cve`=`g`.`sde_cve`
JOIN `ims_del_cat` `h` ON `g`.`del_cve`=`h`.`del_cve`
JOIN `gra_edo_cat` `i` ON `h`.`edo_cve`=`i`.`edo_cve`
LEFT JOIN `gra_per_eml_arc` `j` ON `a`.`curp`=`j`.`curp`
LEFT JOIN `gra_eml_dmn_cat` `k` ON `j`.`eml_dmn_cve`=`k`.`eml_dmn_cve`
LEFT JOIN `gra_per_tel_num_arc` `l` ON `l`.`curp`=`a`.`curp` and `l`.`uso_tip_cve`=1
JOIN `gra_per_gnr_cat` `m` ON `m`.`gnr_cve`=`f`.`gnr_cve`
JOIN `srm_mta_prg_arc` `n` ON `n`.`mta_cve`=`f`.`mta_cve`
JOIN `srm_cur_prg_arc` `o` ON `o`.`mta_cve` = `n`.`mta_cve` AND `o`.`sde_tip_cve` = 1
JOIN `srm_cur_prg_arc` `p` ON `p`.`mta_cve`=`n`.`mta_cve` AND `p`.`sde_tip_cve`=2
JOIN `gra_sde_cat` `q` ON `q`.`sde_cve`=`o`.`sde_cve`
JOIN `gra_sde_cat` `r` ON `r`.`sde_cve`=`p`.`sde_cve`
JOIN `gra_per_ncn_arc` `s` ON `f`.`per_cve`=`s`.`per_cve`
JOIN `gra_pai_cat` `t` ON `t`.`pai_cve`=`s`.`pai_cve`
JOIN `gra_edo_cat` `v` ON `v`.`edo_cve`=`s`.`edo_cve`
JOIN `srm_per_aval_arc` `w` ON `w`.`ads_cve`=`f`.`ads_cve`
LEFT JOIN `ims_per_nom_arc` `z` ON `z`.`curp`=`a`.`curp`
LEFT JOIN `ims_cnt_tip_cat` `u` ON `u`.`ims_cnt_tip_cve`=`z`.`ims_cnt_tip_cve`
WHERE `f`.`grd_num` != :f.grd_num:
AND `j`.`eml_tip_cve` = :j.eml_tip_cve:
AND `a`.`pro_ano` = :a.pro_ano:
ORDER BY `i`.`edo_cve` DESC, `i`.`edo_nom` DESC, `h`.`del_cve` DESC, `h`.`del_nom` DESC, `f`.`esp_nom` DESC, `g`.`sde_nom` DESC, `f`.`grd_num` DESC, `f`.`per_ap1` DESC, `f`.`per_ap2` DESC, `f`.`per_nom` DESC, `c`.`mta_tip_nom` DESC', [...], false)
 2 APPPATH\Models\activosPosgradoModel.php(112): CodeIgniter\Database\BaseBuilder->get()
 3 APPPATH\Controllers\ActivosPosgrado.php(60): App\Models\activosPosgradoModel->obtenerPorCampos('2025', null, null, null, null)
 4 SYSTEMPATH\CodeIgniter.php(933): App\Controllers\ActivosPosgrado->obtenerFila()
 5 SYSTEMPATH\CodeIgniter.php(507): CodeIgniter\CodeIgniter->runController(Object(App\Controllers\ActivosPosgrado))
 6 SYSTEMPATH\CodeIgniter.php(354): CodeIgniter\CodeIgniter->handleRequest(null, Object(Config\Cache), false)
 7 SYSTEMPATH\Boot.php(363): CodeIgniter\CodeIgniter->run()
 8 SYSTEMPATH\Boot.php(68): CodeIgniter\Boot::runCodeIgniter(Object(CodeIgniter\CodeIgniter))
 9 FCPATH\index.php(59): CodeIgniter\Boot::bootWeb(Object(Config\Paths))
CRITICAL - 2026-03-05 18:02:29 --> [Caused by] CodeIgniter\Database\Exceptions\DatabaseException: Unknown column 'u.desc_tc' in 'field list'
in SYSTEMPATH\Database\MySQLi\Connection.php on line 332.
 1 SYSTEMPATH\Database\BaseConnection.php(729): CodeIgniter\Database\MySQLi\Connection->execute('SELECT `a`.`pro_ano`, `f`.`mta_ctg_nom` AS `categoria`, TRIM(CONCAT(i.edo_nom, \' \', h.del_nom)) AS DELEGACION, CASE WHEN d.esp_tip_cve=1 THEN \'DIRECTA\' ELSE \'RAMA\' END AS TIPO_ESPECIALIDAD, `f`.`esp_nom` AS `ESPECIALIDAD`, `g`.`clues` AS `CLUES`, `g`.`sde_nom` AS `SEDE_ACADEMICA`, `g`.`hsp_niv_cve` AS `NIVEL_DE_ATENCION`, CASE WHEN g.hsp_niv_cve=3 THEN \'UMAE\' ELSE \'DELEGACION\' END AS DELEGACION_UMAE, `f`.`grd_num` AS `GRADO`, `f`.`curp` AS `CURP`, `m`.`gnr_nom` AS `GENERO`, `f`.`reg_cve` AS `FOLIO_IMSS`, `f`.`per_ap1` AS `AP_PATERNO`, `f`.`per_ap2` AS `AP_MATERNO`, `f`.`per_nom` AS `NOMBRE`, `c`.`mta_tip_ali` AS `TIPO`, `t`.`pai_ncn_nom` AS `NACIONALIDAD`, CASE WHEN eml_url IS NULL THEN CONCAT(j.eml_ali, \'@\', k.eml_dmn_nom) ELSE eml_url END AS CORREO, `l`.`tel_ext_num` AS `CELULAR`, `q`.`sde_nom` AS `SEDE`, `r`.`sde_nom` AS `SUBSEDE`, `w`.`aval_nom` AS `AVAL_ACADEMICO`, `z`.`ims_mat` AS `MATRICULA`, `u`.`desc_tc` AS `CONTRATACION`, `a`.`vlt_num` AS `VUELTA`, `v`.`edo_nom` AS `EDO_NACIMIENTO`, CASE WHEN n.cup_ocu_aud=99 THEN \'se queda en subsede ciclo 2021\' ELSE \'\' END AS NOTA
FROM `srm_per_reg_arc` `a`
JOIN `srm_mta_tip_cat` `c` ON `a`.`mta_tip_cve` = `c`.`mta_tip_cve`
JOIN `srm_esp_cat` `d` ON `a`.`esp_cve`=`d`.`esp_cve`
JOIN `srm_reg_ads_vis` `f` ON `a`.`reg_cve`=`f`.`reg_cve`
JOIN `gra_sde_cat` `g` ON `f`.`sde_cve`=`g`.`sde_cve`
JOIN `ims_del_cat` `h` ON `g`.`del_cve`=`h`.`del_cve`
JOIN `gra_edo_cat` `i` ON `h`.`edo_cve`=`i`.`edo_cve`
LEFT JOIN `gra_per_eml_arc` `j` ON `a`.`curp`=`j`.`curp`
LEFT JOIN `gra_eml_dmn_cat` `k` ON `j`.`eml_dmn_cve`=`k`.`eml_dmn_cve`
LEFT JOIN `gra_per_tel_num_arc` `l` ON `l`.`curp`=`a`.`curp` and `l`.`uso_tip_cve`=1
JOIN `gra_per_gnr_cat` `m` ON `m`.`gnr_cve`=`f`.`gnr_cve`
JOIN `srm_mta_prg_arc` `n` ON `n`.`mta_cve`=`f`.`mta_cve`
JOIN `srm_cur_prg_arc` `o` ON `o`.`mta_cve` = `n`.`mta_cve` AND `o`.`sde_tip_cve` = 1
JOIN `srm_cur_prg_arc` `p` ON `p`.`mta_cve`=`n`.`mta_cve` AND `p`.`sde_tip_cve`=2
JOIN `gra_sde_cat` `q` ON `q`.`sde_cve`=`o`.`sde_cve`
JOIN `gra_sde_cat` `r` ON `r`.`sde_cve`=`p`.`sde_cve`
JOIN `gra_per_ncn_arc` `s` ON `f`.`per_cve`=`s`.`per_cve`
JOIN `gra_pai_cat` `t` ON `t`.`pai_cve`=`s`.`pai_cve`
JOIN `gra_edo_cat` `v` ON `v`.`edo_cve`=`s`.`edo_cve`
JOIN `srm_per_aval_arc` `w` ON `w`.`ads_cve`=`f`.`ads_cve`
LEFT JOIN `ims_per_nom_arc` `z` ON `z`.`curp`=`a`.`curp`
LEFT JOIN `ims_cnt_tip_cat` `u` ON `u`.`ims_cnt_tip_cve`=`z`.`ims_cnt_tip_cve`
WHERE `f`.`grd_num` != 0
AND `j`.`eml_tip_cve` = 1
AND `a`.`pro_ano` = \'2025\'
ORDER BY `i`.`edo_cve` DESC, `i`.`edo_nom` DESC, `h`.`del_cve` DESC, `h`.`del_nom` DESC, `f`.`esp_nom` DESC, `g`.`sde_nom` DESC, `f`.`grd_num` DESC, `f`.`per_ap1` DESC, `f`.`per_ap2` DESC, `f`.`per_nom` DESC, `c`.`mta_tip_nom` DESC')
 2 SYSTEMPATH\Database\BaseConnection.php(646): CodeIgniter\Database\BaseConnection->simpleQuery('SELECT `a`.`pro_ano`, `f`.`mta_ctg_nom` AS `categoria`, TRIM(CONCAT(i.edo_nom, \' \', h.del_nom)) AS DELEGACION, CASE WHEN d.esp_tip_cve=1 THEN \'DIRECTA\' ELSE \'RAMA\' END AS TIPO_ESPECIALIDAD, `f`.`esp_nom` AS `ESPECIALIDAD`, `g`.`clues` AS `CLUES`, `g`.`sde_nom` AS `SEDE_ACADEMICA`, `g`.`hsp_niv_cve` AS `NIVEL_DE_ATENCION`, CASE WHEN g.hsp_niv_cve=3 THEN \'UMAE\' ELSE \'DELEGACION\' END AS DELEGACION_UMAE, `f`.`grd_num` AS `GRADO`, `f`.`curp` AS `CURP`, `m`.`gnr_nom` AS `GENERO`, `f`.`reg_cve` AS `FOLIO_IMSS`, `f`.`per_ap1` AS `AP_PATERNO`, `f`.`per_ap2` AS `AP_MATERNO`, `f`.`per_nom` AS `NOMBRE`, `c`.`mta_tip_ali` AS `TIPO`, `t`.`pai_ncn_nom` AS `NACIONALIDAD`, CASE WHEN eml_url IS NULL THEN CONCAT(j.eml_ali, \'@\', k.eml_dmn_nom) ELSE eml_url END AS CORREO, `l`.`tel_ext_num` AS `CELULAR`, `q`.`sde_nom` AS `SEDE`, `r`.`sde_nom` AS `SUBSEDE`, `w`.`aval_nom` AS `AVAL_ACADEMICO`, `z`.`ims_mat` AS `MATRICULA`, `u`.`desc_tc` AS `CONTRATACION`, `a`.`vlt_num` AS `VUELTA`, `v`.`edo_nom` AS `EDO_NACIMIENTO`, CASE WHEN n.cup_ocu_aud=99 THEN \'se queda en subsede ciclo 2021\' ELSE \'\' END AS NOTA
FROM `srm_per_reg_arc` `a`
JOIN `srm_mta_tip_cat` `c` ON `a`.`mta_tip_cve` = `c`.`mta_tip_cve`
JOIN `srm_esp_cat` `d` ON `a`.`esp_cve`=`d`.`esp_cve`
JOIN `srm_reg_ads_vis` `f` ON `a`.`reg_cve`=`f`.`reg_cve`
JOIN `gra_sde_cat` `g` ON `f`.`sde_cve`=`g`.`sde_cve`
JOIN `ims_del_cat` `h` ON `g`.`del_cve`=`h`.`del_cve`
JOIN `gra_edo_cat` `i` ON `h`.`edo_cve`=`i`.`edo_cve`
LEFT JOIN `gra_per_eml_arc` `j` ON `a`.`curp`=`j`.`curp`
LEFT JOIN `gra_eml_dmn_cat` `k` ON `j`.`eml_dmn_cve`=`k`.`eml_dmn_cve`
LEFT JOIN `gra_per_tel_num_arc` `l` ON `l`.`curp`=`a`.`curp` and `l`.`uso_tip_cve`=1
JOIN `gra_per_gnr_cat` `m` ON `m`.`gnr_cve`=`f`.`gnr_cve`
JOIN `srm_mta_prg_arc` `n` ON `n`.`mta_cve`=`f`.`mta_cve`
JOIN `srm_cur_prg_arc` `o` ON `o`.`mta_cve` = `n`.`mta_cve` AND `o`.`sde_tip_cve` = 1
JOIN `srm_cur_prg_arc` `p` ON `p`.`mta_cve`=`n`.`mta_cve` AND `p`.`sde_tip_cve`=2
JOIN `gra_sde_cat` `q` ON `q`.`sde_cve`=`o`.`sde_cve`
JOIN `gra_sde_cat` `r` ON `r`.`sde_cve`=`p`.`sde_cve`
JOIN `gra_per_ncn_arc` `s` ON `f`.`per_cve`=`s`.`per_cve`
JOIN `gra_pai_cat` `t` ON `t`.`pai_cve`=`s`.`pai_cve`
JOIN `gra_edo_cat` `v` ON `v`.`edo_cve`=`s`.`edo_cve`
JOIN `srm_per_aval_arc` `w` ON `w`.`ads_cve`=`f`.`ads_cve`
LEFT JOIN `ims_per_nom_arc` `z` ON `z`.`curp`=`a`.`curp`
LEFT JOIN `ims_cnt_tip_cat` `u` ON `u`.`ims_cnt_tip_cve`=`z`.`ims_cnt_tip_cve`
WHERE `f`.`grd_num` != 0
AND `j`.`eml_tip_cve` = 1
AND `a`.`pro_ano` = \'2025\'
ORDER BY `i`.`edo_cve` DESC, `i`.`edo_nom` DESC, `h`.`del_cve` DESC, `h`.`del_nom` DESC, `f`.`esp_nom` DESC, `g`.`sde_nom` DESC, `f`.`grd_num` DESC, `f`.`per_ap1` DESC, `f`.`per_ap2` DESC, `f`.`per_nom` DESC, `c`.`mta_tip_nom` DESC')
 3 SYSTEMPATH\Database\BaseBuilder.php(1649): CodeIgniter\Database\BaseConnection->query('SELECT `a`.`pro_ano`, `f`.`mta_ctg_nom` AS `categoria`, TRIM(CONCAT(i.edo_nom, \' \', h.del_nom)) AS DELEGACION, CASE WHEN d.esp_tip_cve=1 THEN \'DIRECTA\' ELSE \'RAMA\' END AS TIPO_ESPECIALIDAD, `f`.`esp_nom` AS `ESPECIALIDAD`, `g`.`clues` AS `CLUES`, `g`.`sde_nom` AS `SEDE_ACADEMICA`, `g`.`hsp_niv_cve` AS `NIVEL_DE_ATENCION`, CASE WHEN g.hsp_niv_cve=3 THEN \'UMAE\' ELSE \'DELEGACION\' END AS DELEGACION_UMAE, `f`.`grd_num` AS `GRADO`, `f`.`curp` AS `CURP`, `m`.`gnr_nom` AS `GENERO`, `f`.`reg_cve` AS `FOLIO_IMSS`, `f`.`per_ap1` AS `AP_PATERNO`, `f`.`per_ap2` AS `AP_MATERNO`, `f`.`per_nom` AS `NOMBRE`, `c`.`mta_tip_ali` AS `TIPO`, `t`.`pai_ncn_nom` AS `NACIONALIDAD`, CASE WHEN eml_url IS NULL THEN CONCAT(j.eml_ali, \'@\', k.eml_dmn_nom) ELSE eml_url END AS CORREO, `l`.`tel_ext_num` AS `CELULAR`, `q`.`sde_nom` AS `SEDE`, `r`.`sde_nom` AS `SUBSEDE`, `w`.`aval_nom` AS `AVAL_ACADEMICO`, `z`.`ims_mat` AS `MATRICULA`, `u`.`desc_tc` AS `CONTRATACION`, `a`.`vlt_num` AS `VUELTA`, `v`.`edo_nom` AS `EDO_NACIMIENTO`, CASE WHEN n.cup_ocu_aud=99 THEN \'se queda en subsede ciclo 2021\' ELSE \'\' END AS NOTA
FROM `srm_per_reg_arc` `a`
JOIN `srm_mta_tip_cat` `c` ON `a`.`mta_tip_cve` = `c`.`mta_tip_cve`
JOIN `srm_esp_cat` `d` ON `a`.`esp_cve`=`d`.`esp_cve`
JOIN `srm_reg_ads_vis` `f` ON `a`.`reg_cve`=`f`.`reg_cve`
JOIN `gra_sde_cat` `g` ON `f`.`sde_cve`=`g`.`sde_cve`
JOIN `ims_del_cat` `h` ON `g`.`del_cve`=`h`.`del_cve`
JOIN `gra_edo_cat` `i` ON `h`.`edo_cve`=`i`.`edo_cve`
LEFT JOIN `gra_per_eml_arc` `j` ON `a`.`curp`=`j`.`curp`
LEFT JOIN `gra_eml_dmn_cat` `k` ON `j`.`eml_dmn_cve`=`k`.`eml_dmn_cve`
LEFT JOIN `gra_per_tel_num_arc` `l` ON `l`.`curp`=`a`.`curp` and `l`.`uso_tip_cve`=1
JOIN `gra_per_gnr_cat` `m` ON `m`.`gnr_cve`=`f`.`gnr_cve`
JOIN `srm_mta_prg_arc` `n` ON `n`.`mta_cve`=`f`.`mta_cve`
JOIN `srm_cur_prg_arc` `o` ON `o`.`mta_cve` = `n`.`mta_cve` AND `o`.`sde_tip_cve` = 1
JOIN `srm_cur_prg_arc` `p` ON `p`.`mta_cve`=`n`.`mta_cve` AND `p`.`sde_tip_cve`=2
JOIN `gra_sde_cat` `q` ON `q`.`sde_cve`=`o`.`sde_cve`
JOIN `gra_sde_cat` `r` ON `r`.`sde_cve`=`p`.`sde_cve`
JOIN `gra_per_ncn_arc` `s` ON `f`.`per_cve`=`s`.`per_cve`
JOIN `gra_pai_cat` `t` ON `t`.`pai_cve`=`s`.`pai_cve`
JOIN `gra_edo_cat` `v` ON `v`.`edo_cve`=`s`.`edo_cve`
JOIN `srm_per_aval_arc` `w` ON `w`.`ads_cve`=`f`.`ads_cve`
LEFT JOIN `ims_per_nom_arc` `z` ON `z`.`curp`=`a`.`curp`
LEFT JOIN `ims_cnt_tip_cat` `u` ON `u`.`ims_cnt_tip_cve`=`z`.`ims_cnt_tip_cve`
WHERE `f`.`grd_num` != :f.grd_num:
AND `j`.`eml_tip_cve` = :j.eml_tip_cve:
AND `a`.`pro_ano` = :a.pro_ano:
ORDER BY `i`.`edo_cve` DESC, `i`.`edo_nom` DESC, `h`.`del_cve` DESC, `h`.`del_nom` DESC, `f`.`esp_nom` DESC, `g`.`sde_nom` DESC, `f`.`grd_num` DESC, `f`.`per_ap1` DESC, `f`.`per_ap2` DESC, `f`.`per_nom` DESC, `c`.`mta_tip_nom` DESC', [...], false)
 4 APPPATH\Models\activosPosgradoModel.php(112): CodeIgniter\Database\BaseBuilder->get()
 5 APPPATH\Controllers\ActivosPosgrado.php(60): App\Models\activosPosgradoModel->obtenerPorCampos('2025', null, null, null, null)
 6 SYSTEMPATH\CodeIgniter.php(933): App\Controllers\ActivosPosgrado->obtenerFila()
 7 SYSTEMPATH\CodeIgniter.php(507): CodeIgniter\CodeIgniter->runController(Object(App\Controllers\ActivosPosgrado))
 8 SYSTEMPATH\CodeIgniter.php(354): CodeIgniter\CodeIgniter->handleRequest(null, Object(Config\Cache), false)
 9 SYSTEMPATH\Boot.php(363): CodeIgniter\CodeIgniter->run()
10 SYSTEMPATH\Boot.php(68): CodeIgniter\Boot::runCodeIgniter(Object(CodeIgniter\CodeIgniter))
11 FCPATH\index.php(59): CodeIgniter\Boot::bootWeb(Object(Config\Paths))
CRITICAL - 2026-03-05 18:02:29 --> [Caused by] mysqli_sql_exception: Unknown column 'u.desc_tc' in 'field list'
in SYSTEMPATH\Database\MySQLi\Connection.php on line 327.
 1 SYSTEMPATH\Database\MySQLi\Connection.php(327): mysqli->query('SELECT `a`.`pro_ano`, `f`.`mta_ctg_nom` AS `categoria`, TRIM(CONCAT(i.edo_nom, \' \', h.del_nom)) AS DELEGACION, CASE WHEN d.esp_tip_cve=1 THEN \'DIRECTA\' ELSE \'RAMA\' END AS TIPO_ESPECIALIDAD, `f`.`esp_nom` AS `ESPECIALIDAD`, `g`.`clues` AS `CLUES`, `g`.`sde_nom` AS `SEDE_ACADEMICA`, `g`.`hsp_niv_cve` AS `NIVEL_DE_ATENCION`, CASE WHEN g.hsp_niv_cve=3 THEN \'UMAE\' ELSE \'DELEGACION\' END AS DELEGACION_UMAE, `f`.`grd_num` AS `GRADO`, `f`.`curp` AS `CURP`, `m`.`gnr_nom` AS `GENERO`, `f`.`reg_cve` AS `FOLIO_IMSS`, `f`.`per_ap1` AS `AP_PATERNO`, `f`.`per_ap2` AS `AP_MATERNO`, `f`.`per_nom` AS `NOMBRE`, `c`.`mta_tip_ali` AS `TIPO`, `t`.`pai_ncn_nom` AS `NACIONALIDAD`, CASE WHEN eml_url IS NULL THEN CONCAT(j.eml_ali, \'@\', k.eml_dmn_nom) ELSE eml_url END AS CORREO, `l`.`tel_ext_num` AS `CELULAR`, `q`.`sde_nom` AS `SEDE`, `r`.`sde_nom` AS `SUBSEDE`, `w`.`aval_nom` AS `AVAL_ACADEMICO`, `z`.`ims_mat` AS `MATRICULA`, `u`.`desc_tc` AS `CONTRATACION`, `a`.`vlt_num` AS `VUELTA`, `v`.`edo_nom` AS `EDO_NACIMIENTO`, CASE WHEN n.cup_ocu_aud=99 THEN \'se queda en subsede ciclo 2021\' ELSE \'\' END AS NOTA
FROM `srm_per_reg_arc` `a`
JOIN `srm_mta_tip_cat` `c` ON `a`.`mta_tip_cve` = `c`.`mta_tip_cve`
JOIN `srm_esp_cat` `d` ON `a`.`esp_cve`=`d`.`esp_cve`
JOIN `srm_reg_ads_vis` `f` ON `a`.`reg_cve`=`f`.`reg_cve`
JOIN `gra_sde_cat` `g` ON `f`.`sde_cve`=`g`.`sde_cve`
JOIN `ims_del_cat` `h` ON `g`.`del_cve`=`h`.`del_cve`
JOIN `gra_edo_cat` `i` ON `h`.`edo_cve`=`i`.`edo_cve`
LEFT JOIN `gra_per_eml_arc` `j` ON `a`.`curp`=`j`.`curp`
LEFT JOIN `gra_eml_dmn_cat` `k` ON `j`.`eml_dmn_cve`=`k`.`eml_dmn_cve`
LEFT JOIN `gra_per_tel_num_arc` `l` ON `l`.`curp`=`a`.`curp` and `l`.`uso_tip_cve`=1
JOIN `gra_per_gnr_cat` `m` ON `m`.`gnr_cve`=`f`.`gnr_cve`
JOIN `srm_mta_prg_arc` `n` ON `n`.`mta_cve`=`f`.`mta_cve`
JOIN `srm_cur_prg_arc` `o` ON `o`.`mta_cve` = `n`.`mta_cve` AND `o`.`sde_tip_cve` = 1
JOIN `srm_cur_prg_arc` `p` ON `p`.`mta_cve`=`n`.`mta_cve` AND `p`.`sde_tip_cve`=2
JOIN `gra_sde_cat` `q` ON `q`.`sde_cve`=`o`.`sde_cve`
JOIN `gra_sde_cat` `r` ON `r`.`sde_cve`=`p`.`sde_cve`
JOIN `gra_per_ncn_arc` `s` ON `f`.`per_cve`=`s`.`per_cve`
JOIN `gra_pai_cat` `t` ON `t`.`pai_cve`=`s`.`pai_cve`
JOIN `gra_edo_cat` `v` ON `v`.`edo_cve`=`s`.`edo_cve`
JOIN `srm_per_aval_arc` `w` ON `w`.`ads_cve`=`f`.`ads_cve`
LEFT JOIN `ims_per_nom_arc` `z` ON `z`.`curp`=`a`.`curp`
LEFT JOIN `ims_cnt_tip_cat` `u` ON `u`.`ims_cnt_tip_cve`=`z`.`ims_cnt_tip_cve`
WHERE `f`.`grd_num` != 0
AND `j`.`eml_tip_cve` = 1
AND `a`.`pro_ano` = \'2025\'
ORDER BY `i`.`edo_cve` DESC, `i`.`edo_nom` DESC, `h`.`del_cve` DESC, `h`.`del_nom` DESC, `f`.`esp_nom` DESC, `g`.`sde_nom` DESC, `f`.`grd_num` DESC, `f`.`per_ap1` DESC, `f`.`per_ap2` DESC, `f`.`per_nom` DESC, `c`.`mta_tip_nom` DESC', 0)
 2 SYSTEMPATH\Database\BaseConnection.php(729): CodeIgniter\Database\MySQLi\Connection->execute('SELECT `a`.`pro_ano`, `f`.`mta_ctg_nom` AS `categoria`, TRIM(CONCAT(i.edo_nom, \' \', h.del_nom)) AS DELEGACION, CASE WHEN d.esp_tip_cve=1 THEN \'DIRECTA\' ELSE \'RAMA\' END AS TIPO_ESPECIALIDAD, `f`.`esp_nom` AS `ESPECIALIDAD`, `g`.`clues` AS `CLUES`, `g`.`sde_nom` AS `SEDE_ACADEMICA`, `g`.`hsp_niv_cve` AS `NIVEL_DE_ATENCION`, CASE WHEN g.hsp_niv_cve=3 THEN \'UMAE\' ELSE \'DELEGACION\' END AS DELEGACION_UMAE, `f`.`grd_num` AS `GRADO`, `f`.`curp` AS `CURP`, `m`.`gnr_nom` AS `GENERO`, `f`.`reg_cve` AS `FOLIO_IMSS`, `f`.`per_ap1` AS `AP_PATERNO`, `f`.`per_ap2` AS `AP_MATERNO`, `f`.`per_nom` AS `NOMBRE`, `c`.`mta_tip_ali` AS `TIPO`, `t`.`pai_ncn_nom` AS `NACIONALIDAD`, CASE WHEN eml_url IS NULL THEN CONCAT(j.eml_ali, \'@\', k.eml_dmn_nom) ELSE eml_url END AS CORREO, `l`.`tel_ext_num` AS `CELULAR`, `q`.`sde_nom` AS `SEDE`, `r`.`sde_nom` AS `SUBSEDE`, `w`.`aval_nom` AS `AVAL_ACADEMICO`, `z`.`ims_mat` AS `MATRICULA`, `u`.`desc_tc` AS `CONTRATACION`, `a`.`vlt_num` AS `VUELTA`, `v`.`edo_nom` AS `EDO_NACIMIENTO`, CASE WHEN n.cup_ocu_aud=99 THEN \'se queda en subsede ciclo 2021\' ELSE \'\' END AS NOTA
FROM `srm_per_reg_arc` `a`
JOIN `srm_mta_tip_cat` `c` ON `a`.`mta_tip_cve` = `c`.`mta_tip_cve`
JOIN `srm_esp_cat` `d` ON `a`.`esp_cve`=`d`.`esp_cve`
JOIN `srm_reg_ads_vis` `f` ON `a`.`reg_cve`=`f`.`reg_cve`
JOIN `gra_sde_cat` `g` ON `f`.`sde_cve`=`g`.`sde_cve`
JOIN `ims_del_cat` `h` ON `g`.`del_cve`=`h`.`del_cve`
JOIN `gra_edo_cat` `i` ON `h`.`edo_cve`=`i`.`edo_cve`
LEFT JOIN `gra_per_eml_arc` `j` ON `a`.`curp`=`j`.`curp`
LEFT JOIN `gra_eml_dmn_cat` `k` ON `j`.`eml_dmn_cve`=`k`.`eml_dmn_cve`
LEFT JOIN `gra_per_tel_num_arc` `l` ON `l`.`curp`=`a`.`curp` and `l`.`uso_tip_cve`=1
JOIN `gra_per_gnr_cat` `m` ON `m`.`gnr_cve`=`f`.`gnr_cve`
JOIN `srm_mta_prg_arc` `n` ON `n`.`mta_cve`=`f`.`mta_cve`
JOIN `srm_cur_prg_arc` `o` ON `o`.`mta_cve` = `n`.`mta_cve` AND `o`.`sde_tip_cve` = 1
JOIN `srm_cur_prg_arc` `p` ON `p`.`mta_cve`=`n`.`mta_cve` AND `p`.`sde_tip_cve`=2
JOIN `gra_sde_cat` `q` ON `q`.`sde_cve`=`o`.`sde_cve`
JOIN `gra_sde_cat` `r` ON `r`.`sde_cve`=`p`.`sde_cve`
JOIN `gra_per_ncn_arc` `s` ON `f`.`per_cve`=`s`.`per_cve`
JOIN `gra_pai_cat` `t` ON `t`.`pai_cve`=`s`.`pai_cve`
JOIN `gra_edo_cat` `v` ON `v`.`edo_cve`=`s`.`edo_cve`
JOIN `srm_per_aval_arc` `w` ON `w`.`ads_cve`=`f`.`ads_cve`
LEFT JOIN `ims_per_nom_arc` `z` ON `z`.`curp`=`a`.`curp`
LEFT JOIN `ims_cnt_tip_cat` `u` ON `u`.`ims_cnt_tip_cve`=`z`.`ims_cnt_tip_cve`
WHERE `f`.`grd_num` != 0
AND `j`.`eml_tip_cve` = 1
AND `a`.`pro_ano` = \'2025\'
ORDER BY `i`.`edo_cve` DESC, `i`.`edo_nom` DESC, `h`.`del_cve` DESC, `h`.`del_nom` DESC, `f`.`esp_nom` DESC, `g`.`sde_nom` DESC, `f`.`grd_num` DESC, `f`.`per_ap1` DESC, `f`.`per_ap2` DESC, `f`.`per_nom` DESC, `c`.`mta_tip_nom` DESC')
 3 SYSTEMPATH\Database\BaseConnection.php(646): CodeIgniter\Database\BaseConnection->simpleQuery('SELECT `a`.`pro_ano`, `f`.`mta_ctg_nom` AS `categoria`, TRIM(CONCAT(i.edo_nom, \' \', h.del_nom)) AS DELEGACION, CASE WHEN d.esp_tip_cve=1 THEN \'DIRECTA\' ELSE \'RAMA\' END AS TIPO_ESPECIALIDAD, `f`.`esp_nom` AS `ESPECIALIDAD`, `g`.`clues` AS `CLUES`, `g`.`sde_nom` AS `SEDE_ACADEMICA`, `g`.`hsp_niv_cve` AS `NIVEL_DE_ATENCION`, CASE WHEN g.hsp_niv_cve=3 THEN \'UMAE\' ELSE \'DELEGACION\' END AS DELEGACION_UMAE, `f`.`grd_num` AS `GRADO`, `f`.`curp` AS `CURP`, `m`.`gnr_nom` AS `GENERO`, `f`.`reg_cve` AS `FOLIO_IMSS`, `f`.`per_ap1` AS `AP_PATERNO`, `f`.`per_ap2` AS `AP_MATERNO`, `f`.`per_nom` AS `NOMBRE`, `c`.`mta_tip_ali` AS `TIPO`, `t`.`pai_ncn_nom` AS `NACIONALIDAD`, CASE WHEN eml_url IS NULL THEN CONCAT(j.eml_ali, \'@\', k.eml_dmn_nom) ELSE eml_url END AS CORREO, `l`.`tel_ext_num` AS `CELULAR`, `q`.`sde_nom` AS `SEDE`, `r`.`sde_nom` AS `SUBSEDE`, `w`.`aval_nom` AS `AVAL_ACADEMICO`, `z`.`ims_mat` AS `MATRICULA`, `u`.`desc_tc` AS `CONTRATACION`, `a`.`vlt_num` AS `VUELTA`, `v`.`edo_nom` AS `EDO_NACIMIENTO`, CASE WHEN n.cup_ocu_aud=99 THEN \'se queda en subsede ciclo 2021\' ELSE \'\' END AS NOTA
FROM `srm_per_reg_arc` `a`
JOIN `srm_mta_tip_cat` `c` ON `a`.`mta_tip_cve` = `c`.`mta_tip_cve`
JOIN `srm_esp_cat` `d` ON `a`.`esp_cve`=`d`.`esp_cve`
JOIN `srm_reg_ads_vis` `f` ON `a`.`reg_cve`=`f`.`reg_cve`
JOIN `gra_sde_cat` `g` ON `f`.`sde_cve`=`g`.`sde_cve`
JOIN `ims_del_cat` `h` ON `g`.`del_cve`=`h`.`del_cve`
JOIN `gra_edo_cat` `i` ON `h`.`edo_cve`=`i`.`edo_cve`
LEFT JOIN `gra_per_eml_arc` `j` ON `a`.`curp`=`j`.`curp`
LEFT JOIN `gra_eml_dmn_cat` `k` ON `j`.`eml_dmn_cve`=`k`.`eml_dmn_cve`
LEFT JOIN `gra_per_tel_num_arc` `l` ON `l`.`curp`=`a`.`curp` and `l`.`uso_tip_cve`=1
JOIN `gra_per_gnr_cat` `m` ON `m`.`gnr_cve`=`f`.`gnr_cve`
JOIN `srm_mta_prg_arc` `n` ON `n`.`mta_cve`=`f`.`mta_cve`
JOIN `srm_cur_prg_arc` `o` ON `o`.`mta_cve` = `n`.`mta_cve` AND `o`.`sde_tip_cve` = 1
JOIN `srm_cur_prg_arc` `p` ON `p`.`mta_cve`=`n`.`mta_cve` AND `p`.`sde_tip_cve`=2
JOIN `gra_sde_cat` `q` ON `q`.`sde_cve`=`o`.`sde_cve`
JOIN `gra_sde_cat` `r` ON `r`.`sde_cve`=`p`.`sde_cve`
JOIN `gra_per_ncn_arc` `s` ON `f`.`per_cve`=`s`.`per_cve`
JOIN `gra_pai_cat` `t` ON `t`.`pai_cve`=`s`.`pai_cve`
JOIN `gra_edo_cat` `v` ON `v`.`edo_cve`=`s`.`edo_cve`
JOIN `srm_per_aval_arc` `w` ON `w`.`ads_cve`=`f`.`ads_cve`
LEFT JOIN `ims_per_nom_arc` `z` ON `z`.`curp`=`a`.`curp`
LEFT JOIN `ims_cnt_tip_cat` `u` ON `u`.`ims_cnt_tip_cve`=`z`.`ims_cnt_tip_cve`
WHERE `f`.`grd_num` != 0
AND `j`.`eml_tip_cve` = 1
AND `a`.`pro_ano` = \'2025\'
ORDER BY `i`.`edo_cve` DESC, `i`.`edo_nom` DESC, `h`.`del_cve` DESC, `h`.`del_nom` DESC, `f`.`esp_nom` DESC, `g`.`sde_nom` DESC, `f`.`grd_num` DESC, `f`.`per_ap1` DESC, `f`.`per_ap2` DESC, `f`.`per_nom` DESC, `c`.`mta_tip_nom` DESC')
 4 SYSTEMPATH\Database\BaseBuilder.php(1649): CodeIgniter\Database\BaseConnection->query('SELECT `a`.`pro_ano`, `f`.`mta_ctg_nom` AS `categoria`, TRIM(CONCAT(i.edo_nom, \' \', h.del_nom)) AS DELEGACION, CASE WHEN d.esp_tip_cve=1 THEN \'DIRECTA\' ELSE \'RAMA\' END AS TIPO_ESPECIALIDAD, `f`.`esp_nom` AS `ESPECIALIDAD`, `g`.`clues` AS `CLUES`, `g`.`sde_nom` AS `SEDE_ACADEMICA`, `g`.`hsp_niv_cve` AS `NIVEL_DE_ATENCION`, CASE WHEN g.hsp_niv_cve=3 THEN \'UMAE\' ELSE \'DELEGACION\' END AS DELEGACION_UMAE, `f`.`grd_num` AS `GRADO`, `f`.`curp` AS `CURP`, `m`.`gnr_nom` AS `GENERO`, `f`.`reg_cve` AS `FOLIO_IMSS`, `f`.`per_ap1` AS `AP_PATERNO`, `f`.`per_ap2` AS `AP_MATERNO`, `f`.`per_nom` AS `NOMBRE`, `c`.`mta_tip_ali` AS `TIPO`, `t`.`pai_ncn_nom` AS `NACIONALIDAD`, CASE WHEN eml_url IS NULL THEN CONCAT(j.eml_ali, \'@\', k.eml_dmn_nom) ELSE eml_url END AS CORREO, `l`.`tel_ext_num` AS `CELULAR`, `q`.`sde_nom` AS `SEDE`, `r`.`sde_nom` AS `SUBSEDE`, `w`.`aval_nom` AS `AVAL_ACADEMICO`, `z`.`ims_mat` AS `MATRICULA`, `u`.`desc_tc` AS `CONTRATACION`, `a`.`vlt_num` AS `VUELTA`, `v`.`edo_nom` AS `EDO_NACIMIENTO`, CASE WHEN n.cup_ocu_aud=99 THEN \'se queda en subsede ciclo 2021\' ELSE \'\' END AS NOTA
FROM `srm_per_reg_arc` `a`
JOIN `srm_mta_tip_cat` `c` ON `a`.`mta_tip_cve` = `c`.`mta_tip_cve`
JOIN `srm_esp_cat` `d` ON `a`.`esp_cve`=`d`.`esp_cve`
JOIN `srm_reg_ads_vis` `f` ON `a`.`reg_cve`=`f`.`reg_cve`
JOIN `gra_sde_cat` `g` ON `f`.`sde_cve`=`g`.`sde_cve`
JOIN `ims_del_cat` `h` ON `g`.`del_cve`=`h`.`del_cve`
JOIN `gra_edo_cat` `i` ON `h`.`edo_cve`=`i`.`edo_cve`
LEFT JOIN `gra_per_eml_arc` `j` ON `a`.`curp`=`j`.`curp`
LEFT JOIN `gra_eml_dmn_cat` `k` ON `j`.`eml_dmn_cve`=`k`.`eml_dmn_cve`
LEFT JOIN `gra_per_tel_num_arc` `l` ON `l`.`curp`=`a`.`curp` and `l`.`uso_tip_cve`=1
JOIN `gra_per_gnr_cat` `m` ON `m`.`gnr_cve`=`f`.`gnr_cve`
JOIN `srm_mta_prg_arc` `n` ON `n`.`mta_cve`=`f`.`mta_cve`
JOIN `srm_cur_prg_arc` `o` ON `o`.`mta_cve` = `n`.`mta_cve` AND `o`.`sde_tip_cve` = 1
JOIN `srm_cur_prg_arc` `p` ON `p`.`mta_cve`=`n`.`mta_cve` AND `p`.`sde_tip_cve`=2
JOIN `gra_sde_cat` `q` ON `q`.`sde_cve`=`o`.`sde_cve`
JOIN `gra_sde_cat` `r` ON `r`.`sde_cve`=`p`.`sde_cve`
JOIN `gra_per_ncn_arc` `s` ON `f`.`per_cve`=`s`.`per_cve`
JOIN `gra_pai_cat` `t` ON `t`.`pai_cve`=`s`.`pai_cve`
JOIN `gra_edo_cat` `v` ON `v`.`edo_cve`=`s`.`edo_cve`
JOIN `srm_per_aval_arc` `w` ON `w`.`ads_cve`=`f`.`ads_cve`
LEFT JOIN `ims_per_nom_arc` `z` ON `z`.`curp`=`a`.`curp`
LEFT JOIN `ims_cnt_tip_cat` `u` ON `u`.`ims_cnt_tip_cve`=`z`.`ims_cnt_tip_cve`
WHERE `f`.`grd_num` != :f.grd_num:
AND `j`.`eml_tip_cve` = :j.eml_tip_cve:
AND `a`.`pro_ano` = :a.pro_ano:
ORDER BY `i`.`edo_cve` DESC, `i`.`edo_nom` DESC, `h`.`del_cve` DESC, `h`.`del_nom` DESC, `f`.`esp_nom` DESC, `g`.`sde_nom` DESC, `f`.`grd_num` DESC, `f`.`per_ap1` DESC, `f`.`per_ap2` DESC, `f`.`per_nom` DESC, `c`.`mta_tip_nom` DESC', [...], false)
 5 APPPATH\Models\activosPosgradoModel.php(112): CodeIgniter\Database\BaseBuilder->get()
 6 APPPATH\Controllers\ActivosPosgrado.php(60): App\Models\activosPosgradoModel->obtenerPorCampos('2025', null, null, null, null)
 7 SYSTEMPATH\CodeIgniter.php(933): App\Controllers\ActivosPosgrado->obtenerFila()
 8 SYSTEMPATH\CodeIgniter.php(507): CodeIgniter\CodeIgniter->runController(Object(App\Controllers\ActivosPosgrado))
 9 SYSTEMPATH\CodeIgniter.php(354): CodeIgniter\CodeIgniter->handleRequest(null, Object(Config\Cache), false)
10 SYSTEMPATH\Boot.php(363): CodeIgniter\CodeIgniter->run()
11 SYSTEMPATH\Boot.php(68): CodeIgniter\Boot::runCodeIgniter(Object(CodeIgniter\CodeIgniter))
12 FCPATH\index.php(59): CodeIgniter\Boot::bootWeb(Object(Config\Paths))
CRITICAL - 2026-03-05 18:09:11 --> CodeIgniter\HTTP\Exceptions\HTTPException: Failed to parse JSON string. Error: Syntax error
[Method: POST, Route: activosPosgrado/obtenerFila]
in SYSTEMPATH\HTTP\IncomingRequest.php on line 534.
 1 SYSTEMPATH\HTTP\IncomingRequest.php(534): CodeIgniter\HTTP\Exceptions\HTTPException::forInvalidJSON('Syntax error')
 2 APPPATH\Controllers\ActivosPosgrado.php(43): CodeIgniter\HTTP\IncomingRequest->getJSON(true)
 3 SYSTEMPATH\CodeIgniter.php(933): App\Controllers\ActivosPosgrado->obtenerFila()
 4 SYSTEMPATH\CodeIgniter.php(507): CodeIgniter\CodeIgniter->runController(Object(App\Controllers\ActivosPosgrado))
 5 SYSTEMPATH\CodeIgniter.php(354): CodeIgniter\CodeIgniter->handleRequest(null, Object(Config\Cache), false)
 6 SYSTEMPATH\Boot.php(363): CodeIgniter\CodeIgniter->run()
 7 SYSTEMPATH\Boot.php(68): CodeIgniter\Boot::runCodeIgniter(Object(CodeIgniter\CodeIgniter))
 8 FCPATH\index.php(59): CodeIgniter\Boot::bootWeb(Object(Config\Paths))
